
≡ƒôè NIAG-PSC Detailed Sizing Test
============================================================
INPUT REQUIREMENTS:
  Physical Cores Required: 16 (from 38 vCPU / 2.375 P2V ratio)
  RAM Required: 25 GB
  Storage Required: 3.998 TiB
  HA Level: N+1 (must survive single node failure)
  Chassis: AX-4510c (1U, single-socket Xeon D, max 512GB RAM, max 4 disks)
============================================================
≡ƒôì sizeCluster called:
   totalCPU: 16, totalGHz: undefined
   totalRAM: 25 GB, totalStorage: 3.998 TiB
   haLevel: n+1, rackAwareConfig: null
ΓöîΓöÇΓöÇΓöÇΓöÇΓöÇΓöÇΓöÇΓöÇΓöÇΓöÇΓöÇΓöÇΓöÇΓöÇΓöÇΓöÇΓöÇΓöÇΓöÇΓöÇΓöÇΓöÇΓö¼ΓöÇΓöÇΓöÇΓöÇΓöÇΓöÇΓöÇΓöÇΓöÇΓöÇΓöÇΓöÇΓöÇΓöÇΓöÇΓöÇΓöÇΓöÇΓöÇΓöÉ
Γöé (index)              Γöé Values            Γöé
Γö£ΓöÇΓöÇΓöÇΓöÇΓöÇΓöÇΓöÇΓöÇΓöÇΓöÇΓöÇΓöÇΓöÇΓöÇΓöÇΓöÇΓöÇΓöÇΓöÇΓöÇΓöÇΓöÇΓö╝ΓöÇΓöÇΓöÇΓöÇΓöÇΓöÇΓöÇΓöÇΓöÇΓöÇΓöÇΓöÇΓöÇΓöÇΓöÇΓöÇΓöÇΓöÇΓöÇΓöñ
Γöé Chassis Model        Γöé 'AX-4510c'        Γöé
Γöé Max Memory per Node  Γöé '512GB'           Γöé
Γöé Required RAM         Γöé 41.66666666666667 Γöé
Γöé Node Count           Γöé 4                 Γöé
Γöé HA Level             Γöé 'n+1'             Γöé
Γöé Selected Config      Γöé '4 ├ù 16GB'        Γöé
Γöé Total Per Node       Γöé 64                Γöé
Γöé Usable Per Node      Γöé 61                Γöé
Γöé Total Usable         Γöé 183               Γöé
Γöé Shortfall            Γöé 0                 Γöé
Γöé Score                Γöé '6247.18'         Γöé
Γöé Viable Options Count Γöé 4                 Γöé
ΓööΓöÇΓöÇΓöÇΓöÇΓöÇΓöÇΓöÇΓöÇΓöÇΓöÇΓöÇΓöÇΓöÇΓöÇΓöÇΓöÇΓöÇΓöÇΓöÇΓöÇΓöÇΓöÇΓö┤ΓöÇΓöÇΓöÇΓöÇΓöÇΓöÇΓöÇΓöÇΓöÇΓöÇΓöÇΓöÇΓöÇΓöÇΓöÇΓöÇΓöÇΓöÇΓöÇΓöÿ
ΓöîΓöÇΓöÇΓöÇΓöÇΓöÇΓöÇΓöÇΓöÇΓöÇΓöÇΓöÇΓöÇΓöÇΓöÇΓöÇΓöÇΓöÇΓöÇΓöÇΓöÇΓöÇΓöÇΓö¼ΓöÇΓöÇΓöÇΓöÇΓöÇΓöÇΓöÇΓöÇΓöÇΓöÇΓöÇΓöÇΓöÇΓöÇΓöÇΓöÇΓöÇΓöÇΓöÇΓöÉ
Γöé (index)              Γöé Values            Γöé
Γö£ΓöÇΓöÇΓöÇΓöÇΓöÇΓöÇΓöÇΓöÇΓöÇΓöÇΓöÇΓöÇΓöÇΓöÇΓöÇΓöÇΓöÇΓöÇΓöÇΓöÇΓöÇΓöÇΓö╝ΓöÇΓöÇΓöÇΓöÇΓöÇΓöÇΓöÇΓöÇΓöÇΓöÇΓöÇΓöÇΓöÇΓöÇΓöÇΓöÇΓöÇΓöÇΓöÇΓöñ
Γöé Chassis Model        Γöé 'AX-4510c'        Γöé
Γöé Max Memory per Node  Γöé '512GB'           Γöé
Γöé Required RAM         Γöé 41.66666666666667 Γöé
Γöé Node Count           Γöé 3                 Γöé
Γöé HA Level             Γöé 'n+1'             Γöé
Γöé Selected Config      Γöé '4 ├ù 16GB'        Γöé
Γöé Total Per Node       Γöé 64                Γöé
Γöé Usable Per Node      Γöé 61                Γöé
Γöé Total Usable         Γöé 122               Γöé
Γöé Shortfall            Γöé 0                 Γöé
Γöé Score                Γöé '2677.08'         Γöé
Γöé Viable Options Count Γöé 4                 Γöé
ΓööΓöÇΓöÇΓöÇΓöÇΓöÇΓöÇΓöÇΓöÇΓöÇΓöÇΓöÇΓöÇΓöÇΓöÇΓöÇΓöÇΓöÇΓöÇΓöÇΓöÇΓöÇΓöÇΓö┤ΓöÇΓöÇΓöÇΓöÇΓöÇΓöÇΓöÇΓöÇΓöÇΓöÇΓöÇΓöÇΓöÇΓöÇΓöÇΓöÇΓöÇΓöÇΓöÇΓöÿ
ΓöîΓöÇΓöÇΓöÇΓöÇΓöÇΓöÇΓöÇΓöÇΓöÇΓöÇΓöÇΓöÇΓöÇΓöÇΓöÇΓöÇΓöÇΓöÇΓöÇΓöÇΓöÇΓöÇΓö¼ΓöÇΓöÇΓöÇΓöÇΓöÇΓöÇΓöÇΓöÇΓöÇΓöÇΓöÇΓöÇΓöÇΓöÇΓöÇΓöÇΓöÇΓöÇΓöÇΓöÉ
Γöé (index)              Γöé Values            Γöé
Γö£ΓöÇΓöÇΓöÇΓöÇΓöÇΓöÇΓöÇΓöÇΓöÇΓöÇΓöÇΓöÇΓöÇΓöÇΓöÇΓöÇΓöÇΓöÇΓöÇΓöÇΓöÇΓöÇΓö╝ΓöÇΓöÇΓöÇΓöÇΓöÇΓöÇΓöÇΓöÇΓöÇΓöÇΓöÇΓöÇΓöÇΓöÇΓöÇΓöÇΓöÇΓöÇΓöÇΓöñ
Γöé Chassis Model        Γöé 'AX-4510c'        Γöé
Γöé Max Memory per Node  Γöé '512GB'           Γöé
Γöé Required RAM         Γöé 41.66666666666667 Γöé
Γöé Node Count           Γöé 2                 Γöé
Γöé HA Level             Γöé 'n+1'             Γöé
Γöé Selected Config      Γöé '4 ├ù 16GB'        Γöé
Γöé Total Per Node       Γöé 64                Γöé
Γöé Usable Per Node      Γöé 61                Γöé
Γöé Total Usable         Γöé 61                Γöé
Γöé Shortfall            Γöé 0                 Γöé
Γöé Score                Γöé '316.07'          Γöé
Γöé Viable Options Count Γöé 4                 Γöé
ΓööΓöÇΓöÇΓöÇΓöÇΓöÇΓöÇΓöÇΓöÇΓöÇΓöÇΓöÇΓöÇΓöÇΓöÇΓöÇΓöÇΓöÇΓöÇΓöÇΓöÇΓöÇΓöÇΓö┤ΓöÇΓöÇΓöÇΓöÇΓöÇΓöÇΓöÇΓöÇΓöÇΓöÇΓöÇΓöÇΓöÇΓöÇΓöÇΓöÇΓöÇΓöÇΓöÇΓöÿ
≡ƒöì CPU Selection Debug (selectOptimalCpuForCores)
  ΓöîΓöÇΓöÇΓöÇΓöÇΓöÇΓöÇΓöÇΓöÇΓöÇΓö¼ΓöÇΓöÇΓöÇΓöÇΓöÇΓöÇΓöÇΓöÇΓöÇΓöÇΓöÇΓöÇΓöÇΓöÇΓöÇΓöÇΓöÇΓöÇΓöÇΓöÇΓöÇΓöÇΓöÇΓöÇΓö¼ΓöÇΓöÇΓöÇΓöÇΓöÇΓöÇΓöÇΓöÇΓöÇΓöÇΓöÇΓöÇΓöÇΓöÇΓöÇΓöÇΓö¼ΓöÇΓöÇΓöÇΓöÇΓöÇΓöÇΓöÇΓöÇΓöÇΓöÇΓö¼ΓöÇΓöÇΓöÇΓöÇΓöÇΓöÇΓöÇΓö¼ΓöÇΓöÇΓöÇΓöÇΓöÇΓöÇΓöÇΓöÇΓöÇΓöÇΓöÇΓöÇΓöÇΓöÇΓöÇΓöÇΓöÇΓöÇΓöÇΓöÇΓö¼ΓöÇΓöÇΓöÇΓöÇΓöÇΓöÇΓöÇΓöÉ
  Γöé (index) Γöé CPU                    Γöé CoresPerSocket Γöé ClockGHz Γöé Nodes Γöé TotalPhysicalCores Γöé Score Γöé
  Γö£ΓöÇΓöÇΓöÇΓöÇΓöÇΓöÇΓöÇΓöÇΓöÇΓö╝ΓöÇΓöÇΓöÇΓöÇΓöÇΓöÇΓöÇΓöÇΓöÇΓöÇΓöÇΓöÇΓöÇΓöÇΓöÇΓöÇΓöÇΓöÇΓöÇΓöÇΓöÇΓöÇΓöÇΓöÇΓö╝ΓöÇΓöÇΓöÇΓöÇΓöÇΓöÇΓöÇΓöÇΓöÇΓöÇΓöÇΓöÇΓöÇΓöÇΓöÇΓöÇΓö╝ΓöÇΓöÇΓöÇΓöÇΓöÇΓöÇΓöÇΓöÇΓöÇΓöÇΓö╝ΓöÇΓöÇΓöÇΓöÇΓöÇΓöÇΓöÇΓö╝ΓöÇΓöÇΓöÇΓöÇΓöÇΓöÇΓöÇΓöÇΓöÇΓöÇΓöÇΓöÇΓöÇΓöÇΓöÇΓöÇΓöÇΓöÇΓöÇΓöÇΓö╝ΓöÇΓöÇΓöÇΓöÇΓöÇΓöÇΓöÇΓöñ
  Γöé 0       Γöé 'Intel Xeon D-2718NT'  Γöé 8              Γöé 2.6      Γöé 4     Γöé 32                 Γöé 1564  Γöé
  Γöé 1       Γöé 'Intel Xeon D-2748NTE' Γöé 16             Γöé 2.9      Γöé 3     Γöé 48                 Γöé 1746  Γöé
  Γöé 2       Γöé 'Intel Xeon D-2788CX'  Γöé 20             Γöé 2.1      Γöé 2     Γöé 40                 Γöé 1270  Γöé
  ΓööΓöÇΓöÇΓöÇΓöÇΓöÇΓöÇΓöÇΓöÇΓöÇΓö┤ΓöÇΓöÇΓöÇΓöÇΓöÇΓöÇΓöÇΓöÇΓöÇΓöÇΓöÇΓöÇΓöÇΓöÇΓöÇΓöÇΓöÇΓöÇΓöÇΓöÇΓöÇΓöÇΓöÇΓöÇΓö┤ΓöÇΓöÇΓöÇΓöÇΓöÇΓöÇΓöÇΓöÇΓöÇΓöÇΓöÇΓöÇΓöÇΓöÇΓöÇΓöÇΓö┤ΓöÇΓöÇΓöÇΓöÇΓöÇΓöÇΓöÇΓöÇΓöÇΓöÇΓö┤ΓöÇΓöÇΓöÇΓöÇΓöÇΓöÇΓöÇΓö┤ΓöÇΓöÇΓöÇΓöÇΓöÇΓöÇΓöÇΓöÇΓöÇΓöÇΓöÇΓöÇΓöÇΓöÇΓöÇΓöÇΓöÇΓöÇΓöÇΓöÇΓö┤ΓöÇΓöÇΓöÇΓöÇΓöÇΓöÇΓöÇΓöÿ
  Γ£à Selected: Intel Xeon D-2788CX (20 cores, 2.1 GHz) with score 1270
ΓöîΓöÇΓöÇΓöÇΓöÇΓöÇΓöÇΓöÇΓöÇΓöÇΓöÇΓöÇΓöÇΓöÇΓöÇΓöÇΓöÇΓöÇΓöÇΓöÇΓöÇΓöÇΓöÇΓö¼ΓöÇΓöÇΓöÇΓöÇΓöÇΓöÇΓöÇΓöÇΓöÇΓöÇΓöÇΓöÇΓöÇΓöÇΓöÇΓöÇΓöÇΓöÇΓöÇΓöÉ
Γöé (index)              Γöé Values            Γöé
Γö£ΓöÇΓöÇΓöÇΓöÇΓöÇΓöÇΓöÇΓöÇΓöÇΓöÇΓöÇΓöÇΓöÇΓöÇΓöÇΓöÇΓöÇΓöÇΓöÇΓöÇΓöÇΓöÇΓö╝ΓöÇΓöÇΓöÇΓöÇΓöÇΓöÇΓöÇΓöÇΓöÇΓöÇΓöÇΓöÇΓöÇΓöÇΓöÇΓöÇΓöÇΓöÇΓöÇΓöñ
Γöé Chassis Model        Γöé 'AX-4510c'        Γöé
Γöé Max Memory per Node  Γöé '512GB'           Γöé
Γöé Required RAM         Γöé 41.66666666666667 Γöé
Γöé Node Count           Γöé 3                 Γöé
Γöé HA Level             Γöé 'n+1'             Γöé
Γöé Selected Config      Γöé '4 ├ù 16GB'        Γöé
Γöé Total Per Node       Γöé 64                Γöé
Γöé Usable Per Node      Γöé 61                Γöé
Γöé Total Usable         Γöé 122               Γöé
Γöé Shortfall            Γöé 0                 Γöé
Γöé Score                Γöé '2677.08'         Γöé
Γöé Viable Options Count Γöé 4                 Γöé
ΓööΓöÇΓöÇΓöÇΓöÇΓöÇΓöÇΓöÇΓöÇΓöÇΓöÇΓöÇΓöÇΓöÇΓöÇΓöÇΓöÇΓöÇΓöÇΓöÇΓöÇΓöÇΓöÇΓö┤ΓöÇΓöÇΓöÇΓöÇΓöÇΓöÇΓöÇΓöÇΓöÇΓöÇΓöÇΓöÇΓöÇΓöÇΓöÇΓöÇΓöÇΓöÇΓöÇΓöÿ
ΓöîΓöÇΓöÇΓöÇΓöÇΓöÇΓöÇΓöÇΓöÇΓöÇΓöÇΓöÇΓöÇΓöÇΓöÇΓöÇΓöÇΓöÇΓöÇΓöÇΓöÇΓöÇΓöÇΓö¼ΓöÇΓöÇΓöÇΓöÇΓöÇΓöÇΓöÇΓöÇΓöÇΓöÇΓöÇΓöÇΓöÇΓöÇΓöÇΓöÇΓöÇΓöÇΓöÇΓöÉ
Γöé (index)              Γöé Values            Γöé
Γö£ΓöÇΓöÇΓöÇΓöÇΓöÇΓöÇΓöÇΓöÇΓöÇΓöÇΓöÇΓöÇΓöÇΓöÇΓöÇΓöÇΓöÇΓöÇΓöÇΓöÇΓöÇΓöÇΓö╝ΓöÇΓöÇΓöÇΓöÇΓöÇΓöÇΓöÇΓöÇΓöÇΓöÇΓöÇΓöÇΓöÇΓöÇΓöÇΓöÇΓöÇΓöÇΓöÇΓöñ
Γöé Chassis Model        Γöé 'AX-4510c'        Γöé
Γöé Max Memory per Node  Γöé '512GB'           Γöé
Γöé Required RAM         Γöé 41.66666666666667 Γöé
Γöé Node Count           Γöé 2                 Γöé
Γöé HA Level             Γöé 'n+1'             Γöé
Γöé Selected Config      Γöé '4 ├ù 16GB'        Γöé
Γöé Total Per Node       Γöé 64                Γöé
Γöé Usable Per Node      Γöé 61                Γöé
Γöé Total Usable         Γöé 61                Γöé
Γöé Shortfall            Γöé 0                 Γöé
Γöé Score                Γöé '316.07'          Γöé
Γöé Viable Options Count Γöé 4                 Γöé
ΓööΓöÇΓöÇΓöÇΓöÇΓöÇΓöÇΓöÇΓöÇΓöÇΓöÇΓöÇΓöÇΓöÇΓöÇΓöÇΓöÇΓöÇΓöÇΓöÇΓöÇΓöÇΓöÇΓö┤ΓöÇΓöÇΓöÇΓöÇΓöÇΓöÇΓöÇΓöÇΓöÇΓöÇΓöÇΓöÇΓöÇΓöÇΓöÇΓöÇΓöÇΓöÇΓöÇΓöÿ
≡ƒöì selectDiskConfig: requiredUsableTiB=3.998, nodeCount=2, override=null, using=2-way
Γ£ô selectDiskConfig returning: 3├ù3.84TB with 6.97 TiB usable (2-way)
DEBUG: diskConfig before assignment: {
  diskSizeTB: 3.84,
  disksPerNode: 3,
  usableTiB: 6.97,
  reserveTiB: 6.97,
  resiliencyTiB: 6.97,
  meetsRequirement: true
}
DEBUG: assigned usableTiB = 6.97
≡ƒôè Node requirements - CPU: 2, Memory: 2, Storage: 2, Final: 2
ΓöîΓöÇΓöÇΓöÇΓöÇΓöÇΓöÇΓöÇΓöÇΓöÇΓöÇΓöÇΓöÇΓöÇΓöÇΓöÇΓöÇΓöÇΓöÇΓöÇΓöÇΓöÇΓöÇΓö¼ΓöÇΓöÇΓöÇΓöÇΓöÇΓöÇΓöÇΓöÇΓöÇΓöÇΓöÇΓöÇΓöÇΓöÇΓöÇΓöÇΓöÇΓöÇΓöÇΓöÉ
Γöé (index)              Γöé Values            Γöé
Γö£ΓöÇΓöÇΓöÇΓöÇΓöÇΓöÇΓöÇΓöÇΓöÇΓöÇΓöÇΓöÇΓöÇΓöÇΓöÇΓöÇΓöÇΓöÇΓöÇΓöÇΓöÇΓöÇΓö╝ΓöÇΓöÇΓöÇΓöÇΓöÇΓöÇΓöÇΓöÇΓöÇΓöÇΓöÇΓöÇΓöÇΓöÇΓöÇΓöÇΓöÇΓöÇΓöÇΓöñ
Γöé Chassis Model        Γöé 'AX-4510c'        Γöé
Γöé Max Memory per Node  Γöé '512GB'           Γöé
Γöé Required RAM         Γöé 41.66666666666667 Γöé
Γöé Node Count           Γöé 2                 Γöé
Γöé HA Level             Γöé 'n+1'             Γöé
Γöé Selected Config      Γöé '4 ├ù 16GB'        Γöé
Γöé Total Per Node       Γöé 64                Γöé
Γöé Usable Per Node      Γöé 61                Γöé
Γöé Total Usable         Γöé 61                Γöé
Γöé Shortfall            Γöé 0                 Γöé
Γöé Score                Γöé '316.07'          Γöé
Γöé Viable Options Count Γöé 4                 Γöé
ΓööΓöÇΓöÇΓöÇΓöÇΓöÇΓöÇΓöÇΓöÇΓöÇΓöÇΓöÇΓöÇΓöÇΓöÇΓöÇΓöÇΓöÇΓöÇΓöÇΓöÇΓöÇΓöÇΓö┤ΓöÇΓöÇΓöÇΓöÇΓöÇΓöÇΓöÇΓöÇΓöÇΓöÇΓöÇΓöÇΓöÇΓöÇΓöÇΓöÇΓöÇΓöÇΓöÇΓöÿ
ΓöîΓöÇΓöÇΓöÇΓöÇΓöÇΓöÇΓöÇΓöÇΓöÇΓöÇΓöÇΓöÇΓöÇΓöÇΓöÇΓöÇΓöÇΓöÇΓöÇΓöÇΓöÇΓöÇΓö¼ΓöÇΓöÇΓöÇΓöÇΓöÇΓöÇΓöÇΓöÇΓöÇΓöÇΓöÇΓöÇΓöÇΓöÇΓöÇΓöÇΓöÇΓöÇΓöÇΓöÉ
Γöé (index)              Γöé Values            Γöé
Γö£ΓöÇΓöÇΓöÇΓöÇΓöÇΓöÇΓöÇΓöÇΓöÇΓöÇΓöÇΓöÇΓöÇΓöÇΓöÇΓöÇΓöÇΓöÇΓöÇΓöÇΓöÇΓöÇΓö╝ΓöÇΓöÇΓöÇΓöÇΓöÇΓöÇΓöÇΓöÇΓöÇΓöÇΓöÇΓöÇΓöÇΓöÇΓöÇΓöÇΓöÇΓöÇΓöÇΓöñ
Γöé Chassis Model        Γöé 'AX-4510c'        Γöé
Γöé Max Memory per Node  Γöé '512GB'           Γöé
Γöé Required RAM         Γöé 41.66666666666667 Γöé
Γöé Node Count           Γöé 4                 Γöé
Γöé HA Level             Γöé 'n+1'             Γöé
Γöé Selected Config      Γöé '4 ├ù 16GB'        Γöé
Γöé Total Per Node       Γöé 64                Γöé
Γöé Usable Per Node      Γöé 61                Γöé
Γöé Total Usable         Γöé 183               Γöé
Γöé Shortfall            Γöé 0                 Γöé
Γöé Score                Γöé '6247.18'         Γöé
Γöé Viable Options Count Γöé 4                 Γöé
ΓööΓöÇΓöÇΓöÇΓöÇΓöÇΓöÇΓöÇΓöÇΓöÇΓöÇΓöÇΓöÇΓöÇΓöÇΓöÇΓöÇΓöÇΓöÇΓöÇΓöÇΓöÇΓöÇΓö┤ΓöÇΓöÇΓöÇΓöÇΓöÇΓöÇΓöÇΓöÇΓöÇΓöÇΓöÇΓöÇΓöÇΓöÇΓöÇΓöÇΓöÇΓöÇΓöÇΓöÿ
ΓöîΓöÇΓöÇΓöÇΓöÇΓöÇΓöÇΓöÇΓöÇΓöÇΓöÇΓöÇΓöÇΓöÇΓöÇΓöÇΓöÇΓöÇΓöÇΓöÇΓöÇΓöÇΓöÇΓö¼ΓöÇΓöÇΓöÇΓöÇΓöÇΓöÇΓöÇΓöÇΓöÇΓöÇΓöÇΓöÇΓöÇΓöÇΓöÇΓöÇΓöÇΓöÇΓöÇΓöÉ
Γöé (index)              Γöé Values            Γöé
Γö£ΓöÇΓöÇΓöÇΓöÇΓöÇΓöÇΓöÇΓöÇΓöÇΓöÇΓöÇΓöÇΓöÇΓöÇΓöÇΓöÇΓöÇΓöÇΓöÇΓöÇΓöÇΓöÇΓö╝ΓöÇΓöÇΓöÇΓöÇΓöÇΓöÇΓöÇΓöÇΓöÇΓöÇΓöÇΓöÇΓöÇΓöÇΓöÇΓöÇΓöÇΓöÇΓöÇΓöñ
Γöé Chassis Model        Γöé 'AX-4510c'        Γöé
Γöé Max Memory per Node  Γöé '512GB'           Γöé
Γöé Required RAM         Γöé 41.66666666666667 Γöé
Γöé Node Count           Γöé 3                 Γöé
Γöé HA Level             Γöé 'n+1'             Γöé
Γöé Selected Config      Γöé '4 ├ù 16GB'        Γöé
Γöé Total Per Node       Γöé 64                Γöé
Γöé Usable Per Node      Γöé 61                Γöé
Γöé Total Usable         Γöé 122               Γöé
Γöé Shortfall            Γöé 0                 Γöé
Γöé Score                Γöé '2677.08'         Γöé
Γöé Viable Options Count Γöé 4                 Γöé
ΓööΓöÇΓöÇΓöÇΓöÇΓöÇΓöÇΓöÇΓöÇΓöÇΓöÇΓöÇΓöÇΓöÇΓöÇΓöÇΓöÇΓöÇΓöÇΓöÇΓöÇΓöÇΓöÇΓö┤ΓöÇΓöÇΓöÇΓöÇΓöÇΓöÇΓöÇΓöÇΓöÇΓöÇΓöÇΓöÇΓöÇΓöÇΓöÇΓöÇΓöÇΓöÇΓöÇΓöÿ
ΓöîΓöÇΓöÇΓöÇΓöÇΓöÇΓöÇΓöÇΓöÇΓöÇΓöÇΓöÇΓöÇΓöÇΓöÇΓöÇΓöÇΓöÇΓöÇΓöÇΓöÇΓöÇΓöÇΓö¼ΓöÇΓöÇΓöÇΓöÇΓöÇΓöÇΓöÇΓöÇΓöÇΓöÇΓöÇΓöÇΓöÇΓöÇΓöÇΓöÇΓöÇΓöÇΓöÇΓöÉ
Γöé (index)              Γöé Values            Γöé
Γö£ΓöÇΓöÇΓöÇΓöÇΓöÇΓöÇΓöÇΓöÇΓöÇΓöÇΓöÇΓöÇΓöÇΓöÇΓöÇΓöÇΓöÇΓöÇΓöÇΓöÇΓöÇΓöÇΓö╝ΓöÇΓöÇΓöÇΓöÇΓöÇΓöÇΓöÇΓöÇΓöÇΓöÇΓöÇΓöÇΓöÇΓöÇΓöÇΓöÇΓöÇΓöÇΓöÇΓöñ
Γöé Chassis Model        Γöé 'AX-4510c'        Γöé
Γöé Max Memory per Node  Γöé '512GB'           Γöé
Γöé Required RAM         Γöé 41.66666666666667 Γöé
Γöé Node Count           Γöé 2                 Γöé
Γöé HA Level             Γöé 'n+1'             Γöé
Γöé Selected Config      Γöé '4 ├ù 16GB'        Γöé
Γöé Total Per Node       Γöé 64                Γöé
Γöé Usable Per Node      Γöé 61                Γöé
Γöé Total Usable         Γöé 61                Γöé
Γöé Shortfall            Γöé 0                 Γöé
Γöé Score                Γöé '316.07'          Γöé
Γöé Viable Options Count Γöé 4                 Γöé
ΓööΓöÇΓöÇΓöÇΓöÇΓöÇΓöÇΓöÇΓöÇΓöÇΓöÇΓöÇΓöÇΓöÇΓöÇΓöÇΓöÇΓöÇΓöÇΓöÇΓöÇΓöÇΓöÇΓö┤ΓöÇΓöÇΓöÇΓöÇΓöÇΓöÇΓöÇΓöÇΓöÇΓöÇΓöÇΓöÇΓöÇΓöÇΓöÇΓöÇΓöÇΓöÇΓöÇΓöÿ
≡ƒöì CPU Selection Debug (selectOptimalCpuForCores)
  ΓöîΓöÇΓöÇΓöÇΓöÇΓöÇΓöÇΓöÇΓöÇΓöÇΓö¼ΓöÇΓöÇΓöÇΓöÇΓöÇΓöÇΓöÇΓöÇΓöÇΓöÇΓöÇΓöÇΓöÇΓöÇΓöÇΓöÇΓöÇΓöÇΓöÇΓöÇΓöÇΓöÇΓöÇΓöÇΓö¼ΓöÇΓöÇΓöÇΓöÇΓöÇΓöÇΓöÇΓöÇΓöÇΓöÇΓöÇΓöÇΓöÇΓöÇΓöÇΓöÇΓö¼ΓöÇΓöÇΓöÇΓöÇΓöÇΓöÇΓöÇΓöÇΓöÇΓöÇΓö¼ΓöÇΓöÇΓöÇΓöÇΓöÇΓöÇΓöÇΓö¼ΓöÇΓöÇΓöÇΓöÇΓöÇΓöÇΓöÇΓöÇΓöÇΓöÇΓöÇΓöÇΓöÇΓöÇΓöÇΓöÇΓöÇΓöÇΓöÇΓöÇΓö¼ΓöÇΓöÇΓöÇΓöÇΓöÇΓöÇΓöÇΓöÉ
  Γöé (index) Γöé CPU                    Γöé CoresPerSocket Γöé ClockGHz Γöé Nodes Γöé TotalPhysicalCores Γöé Score Γöé
  Γö£ΓöÇΓöÇΓöÇΓöÇΓöÇΓöÇΓöÇΓöÇΓöÇΓö╝ΓöÇΓöÇΓöÇΓöÇΓöÇΓöÇΓöÇΓöÇΓöÇΓöÇΓöÇΓöÇΓöÇΓöÇΓöÇΓöÇΓöÇΓöÇΓöÇΓöÇΓöÇΓöÇΓöÇΓöÇΓö╝ΓöÇΓöÇΓöÇΓöÇΓöÇΓöÇΓöÇΓöÇΓöÇΓöÇΓöÇΓöÇΓöÇΓöÇΓöÇΓöÇΓö╝ΓöÇΓöÇΓöÇΓöÇΓöÇΓöÇΓöÇΓöÇΓöÇΓöÇΓö╝ΓöÇΓöÇΓöÇΓöÇΓöÇΓöÇΓöÇΓö╝ΓöÇΓöÇΓöÇΓöÇΓöÇΓöÇΓöÇΓöÇΓöÇΓöÇΓöÇΓöÇΓöÇΓöÇΓöÇΓöÇΓöÇΓöÇΓöÇΓöÇΓö╝ΓöÇΓöÇΓöÇΓöÇΓöÇΓöÇΓöÇΓöñ
  Γöé 0       Γöé 'Intel Xeon D-2718NT'  Γöé 8              Γöé 2.6      Γöé 4     Γöé 32                 Γöé 1564  Γöé
  Γöé 1       Γöé 'Intel Xeon D-2748NTE' Γöé 16             Γöé 2.9      Γöé 3     Γöé 48                 Γöé 1746  Γöé
  Γöé 2       Γöé 'Intel Xeon D-2788CX'  Γöé 20             Γöé 2.1      Γöé 2     Γöé 40                 Γöé 1270  Γöé
  ΓööΓöÇΓöÇΓöÇΓöÇΓöÇΓöÇΓöÇΓöÇΓöÇΓö┤ΓöÇΓöÇΓöÇΓöÇΓöÇΓöÇΓöÇΓöÇΓöÇΓöÇΓöÇΓöÇΓöÇΓöÇΓöÇΓöÇΓöÇΓöÇΓöÇΓöÇΓöÇΓöÇΓöÇΓöÇΓö┤ΓöÇΓöÇΓöÇΓöÇΓöÇΓöÇΓöÇΓöÇΓöÇΓöÇΓöÇΓöÇΓöÇΓöÇΓöÇΓöÇΓö┤ΓöÇΓöÇΓöÇΓöÇΓöÇΓöÇΓöÇΓöÇΓöÇΓöÇΓö┤ΓöÇΓöÇΓöÇΓöÇΓöÇΓöÇΓöÇΓö┤ΓöÇΓöÇΓöÇΓöÇΓöÇΓöÇΓöÇΓöÇΓöÇΓöÇΓöÇΓöÇΓöÇΓöÇΓöÇΓöÇΓöÇΓöÇΓöÇΓöÇΓö┤ΓöÇΓöÇΓöÇΓöÇΓöÇΓöÇΓöÇΓöÿ
  Γ£à Selected: Intel Xeon D-2788CX (20 cores, 2.1 GHz) with score 1270
≡ƒöä CPU recalculated for final 2 nodes: Intel Xeon D-2788CX (20 cores, 2.1 GHz)
node : 
At line:1 char:1
+ node test-niag-detailed.mjs 2>&1 >test-output.txt ; $content = Get-Co ...
+ ~~~~~~~~~~~~~~~~~~~~~~~~~~~~~~~~~~~~~~~~~~~~~~~~~
    + CategoryInfo          : NotSpecified: (:String) [], RemoteException
    + FullyQualifiedErrorId : NativeCommandError
 
Γ¥î SIZING FAILED: Cannot read properties of undefined (reading 'model')

Γ£à SIZING RESULT:
  Nodes: 2
  Chassis: AX-4510c

============================================================
MANUAL CONSTRAINT ANALYSIS
============================================================

≡ƒö┤ 2-NODE SCENARIO (AX-4510c with D-2788CX 20-core):
CPU Constraint (N+1 survivability):
  Formula: (nodes - 1) ├ù coresPerNode - SYS_CPU >= requiredCores
  Calc: (2 - 1) ├ù 20 - 4 = 20 - 4 = 16 cores
  Required: 16 cores
  Result: 16 >= 16 Γ£ô PASSES

Memory Constraint (N+1 with 512GB max per node):
  Formula: (nodes - 1) ├ù (nodeMemory ├ù 0.96) >= adjustedRAM
  Calc: (2 - 1) ├ù (512 ├ù 0.96) = 1 ├ù 491.52 = 491.52 GB
  Required (adjusted): 25 / 0.60 = 41.67 GB
  Result: 491.52 >= 41.67 Γ£ô PASSES

Disk Constraint (2-way resiliency for 2 nodes):
  Max disks per node: 4
  Max drive size: 3.84 TB
  Calc raw: 2 nodes ├ù 4 disks ├ù 3.84 TB = 30.72 TB
  Reserved (1 disk per node, min 1, max 4): 2 ├ù 3.84 = 7.68 TB
  Usable after reserve: 30.72 - 7.68 = 23.04 TB
  With 2-way resiliency: 23.04 / 2 = 11.52 TB = 10.44 TiB
  Required: 3.998 TiB
  Result: 10.44 >= 3.998 Γ£ô PASSES

≡ƒƒó 3-NODE SCENARIO (AX-4510c with D-2788CX 20-core):
CPU Constraint (N+1 survivability):
  Formula: (nodes - 1) ├ù coresPerNode - SYS_CPU >= requiredCores
  Calc: (3 - 1) ├ù 20 - 4 = 40 - 4 = 36 cores
  Required: 16 cores
  Result: 36 >= 16 Γ£ô PASSES

Memory Constraint (N+1 with 512GB max per node):
  Formula: (nodes - 1) ├ù (nodeMemory ├ù 0.96) >= adjustedRAM
  Calc: (3 - 1) ├ù (512 ├ù 0.96) = 2 ├ù 491.52 = 983.04 GB
  Required (adjusted): 41.67 GB
  Result: 983.04 >= 41.67 Γ£ô PASSES

Disk Constraint (3-way resiliency for 3+ nodes):
  Max disks per node: 4
  Max drive size: 3.84 TB
  Calc raw: 3 nodes ├ù 4 disks ├ù 3.84 TB = 46.08 TB
  Reserved: 3 ├ù 3.84 = 11.52 TB
  Usable after reserve: 46.08 - 11.52 = 34.56 TB
  With 3-way resiliency: 34.56 / 3 = 11.52 TB = 10.44 TiB
  Required: 3.998 TiB
  Result: 10.44 >= 3.998 Γ£ô PASSES

============================================================
ANALYSIS: Both 2 and 3 nodes should pass all constraints!
Check console output above for why sizing engine chose 3 nodes.
Likely reasons:
  1. CPU scoring preferences (e.g., preferring more robust overshoot)
  2. Memory or disk scoring penalties (selecting larger configs)
  3. Disk config scoring (balancing drive count/size tradeoffs)
============================================================
